// Jest Snapshot v1, https://goo.gl/fbAQLP

exports[`Card default example matches snapshot 1`] = `
<div class="lbs-card   ">
  This is a description
</div>
`;

exports[`Card default example renders with button 1`] = `""`;

exports[`Card default example renders with form 1`] = `
<div class="lbs-card   ">
  This is a description
</div>
`;

exports[`Card default example renders with label 1`] = `""`;

exports[`Card navigation list examples matches snapshot 1`] = `[Function]`;

exports[`Card navigation list examples matches snapshot 2`] = `[Function]`;

exports[`Card navigation list examples renders with form 1`] = `
<div class="lbs-card   ">
  This is a description
</div>
`;
